class loader.reflect.DataActor$BeanElt
class loader.reflect.DataActor$BeanElt
class loader.reflect.DataActor$ScalaElt
class loader.reflect.DataActor$FldElt
class loader.reflect.DataActor$MethodElt
class loader.reflect.DataActor$ScalaElt
class loader.reflect.DataActor$FldElt
class loader.reflect.DataActor$FldElt
class loader.reflect.DataActor$MethodElt
None
